Coverage Report Summary Data by instance

=================================================================================
=== Instance: /custom_async_fifo_tb/iDUT/u_sync_r2w
=== Design Unit: work.custom_sync_r2w
=================================================================================
    Enabled Coverage              Bins      Hits    Misses  Coverage
    ----------------              ----      ----    ------  --------
    Branches                         2         2         0   100.00%
    Statements                       3         3         0   100.00%
    Toggles                         22        22         0   100.00%

=================================================================================
=== Instance: /custom_async_fifo_tb/iDUT/u_sync_w2r
=== Design Unit: work.custom_sync_w2r
=================================================================================
    Enabled Coverage              Bins      Hits    Misses  Coverage
    ----------------              ----      ----    ------  --------
    Branches                         2         2         0   100.00%
    Statements                       3         3         0   100.00%
    Toggles                         22        22         0   100.00%

=================================================================================
=== Instance: /custom_async_fifo_tb/iDUT/u_fifomem
=== Design Unit: work.custom_fifomem
=================================================================================
    Enabled Coverage              Bins      Hits    Misses  Coverage
    ----------------              ----      ----    ------  --------
    Branches                         2         2         0   100.00%
    Conditions                       2         2         0   100.00%
    Statements                       3         3         0   100.00%
    Toggles                         46        46         0   100.00%

=================================================================================
=== Instance: /custom_async_fifo_tb/iDUT/u_rptr_empty
=== Design Unit: work.custom_rptr_empty
=================================================================================
    Enabled Coverage              Bins      Hits    Misses  Coverage
    ----------------              ----      ----    ------  --------
    Branches                         4         4         0   100.00%
    Expressions                      3         3         0   100.00%
    Statements                      13        13         0   100.00%
    Toggles                         48        48         0   100.00%

=================================================================================
=== Instance: /custom_async_fifo_tb/iDUT/u_wptr_full
=== Design Unit: work.custom_wptr_full
=================================================================================
    Enabled Coverage              Bins      Hits    Misses  Coverage
    ----------------              ----      ----    ------  --------
    Branches                         4         4         0   100.00%
    Expressions                      3         2         1    66.66%
    Statements                      13        13         0   100.00%
    Toggles                         48        48         0   100.00%

=================================================================================
=== Instance: /custom_async_fifo_tb/iDUT
=== Design Unit: work.custom_async_fifo
=================================================================================
    Enabled Coverage              Bins      Hits    Misses  Coverage
    ----------------              ----      ----    ------  --------
    Toggles                         84        84         0   100.00%

=================================================================================
=== Instance: /new_proj_pkg
=== Design Unit: work.new_proj_pkg
=================================================================================
    Enabled Coverage              Bins      Hits    Misses  Coverage
    ----------------              ----      ----    ------  --------
    Covergroups                      1        na        na   100.00%
        Coverpoints/Crosses          7        na        na        na
            Covergroup Bins         14        14         0   100.00%


TOTAL COVERGROUP COVERAGE: 100.00%  COVERGROUP TYPES: 1

Total Coverage By Instance (filtered view): 97.22%

