Coverage Report Summary Data by instance

=================================================================================
=== Instance: /custom_async_fifo_tb/_intf
=== Design Unit: work.intf
=================================================================================
    Enabled Coverage              Bins      Hits    Misses  Coverage
    ----------------              ----      ----    ------  --------
    Covergroups                      2        na        na   100.00%
        Coverpoints/Crosses          6        na        na        na
            Covergroup Bins         16        16         0   100.00%

=================================================================================
=== Instance: /custom_async_fifo_tb/iDUT/u_sync_r2w
=== Design Unit: work.custom_sync_r2w
=================================================================================
    Enabled Coverage              Bins      Hits    Misses  Coverage
    ----------------              ----      ----    ------  --------
    Branches                         2         2         0   100.00%
    Statements                       3         3         0   100.00%
    Toggles                         34        34         0   100.00%

=================================================================================
=== Instance: /custom_async_fifo_tb/iDUT/u_sync_w2r
=== Design Unit: work.custom_sync_w2r
=================================================================================
    Enabled Coverage              Bins      Hits    Misses  Coverage
    ----------------              ----      ----    ------  --------
    Branches                         2         2         0   100.00%
    Statements                       3         3         0   100.00%
    Toggles                         34        34         0   100.00%

=================================================================================
=== Instance: /custom_async_fifo_tb/iDUT/u_fifomem
=== Design Unit: work.custom_fifomem
=================================================================================
    Enabled Coverage              Bins      Hits    Misses  Coverage
    ----------------              ----      ----    ------  --------
    Branches                         2         2         0   100.00%
    Conditions                       2         2         0   100.00%
    Statements                       4         4         0   100.00%
    Toggles                         60        60         0   100.00%

=================================================================================
=== Instance: /custom_async_fifo_tb/iDUT/u_rptr_empty
=== Design Unit: work.custom_rptr_empty
=================================================================================
    Enabled Coverage              Bins      Hits    Misses  Coverage
    ----------------              ----      ----    ------  --------
    Branches                         4         4         0   100.00%
    Expressions                      3         3         0   100.00%
    Statements                      13        13         0   100.00%
    Toggles                         72        72         0   100.00%

=================================================================================
=== Instance: /custom_async_fifo_tb/iDUT/u_wptr_full
=== Design Unit: work.custom_wptr_full
=================================================================================
    Enabled Coverage              Bins      Hits    Misses  Coverage
    ----------------              ----      ----    ------  --------
    Branches                         4         4         0   100.00%
    Expressions                      3         3         0   100.00%
    Statements                      13        13         0   100.00%
    Toggles                         72        72         0   100.00%

=================================================================================
=== Instance: /custom_async_fifo_tb/iDUT
=== Design Unit: work.custom_async_fifo
=================================================================================
    Enabled Coverage              Bins      Hits    Misses  Coverage
    ----------------              ----      ----    ------  --------
    Toggles                        108       108         0   100.00%


TOTAL COVERGROUP COVERAGE: 100.00%  COVERGROUP TYPES: 2

Total Coverage By Instance (filtered view): 100.00%

